## ìš”êµ¬ ì‚¬í•­
```PCë°© ì‚¬ìš©ì ëª©ë¡```ì„ ì €ì¥í•  í…Œì´ë¸”ì„ ì„¤ê³„í•œë‹¤.
### í•„ë“œ
  - ```user_index```: ì‚¬ìš©ìë¥¼ êµ¬ë¶„í•˜ëŠ” key ê°’, <u>null ë¶ˆê°€</u>
  - ```pc_start_time```: ì‚¬ìš© ì‹œì‘ ì‹œê°„, <u>null ë¶ˆê°€</u>
  - ```pc_end_time``` : ì‚¬ìš© ì¢…ë£Œ ì‹œê°„, null ê°€ëŠ¥
  - ```seat_index(PK)``` : pc ìë¦¬ ë²ˆí˜¸, <u>null ë¶ˆê°€</u> 

## ê°œë°œ í™˜ê²½

- MacOS Monterey 12.5.1
- IntelliJ IDEA 2022.2.4 (Community Edition)
- Java version 11.0.16.1
- Docker version 20.10.22
- MySQL version 8.0.32

# IntelliJ JDBC ì—°ë™

## ë“œë¼ì´ë²„ ì¶”ê°€

- JDBCë¡œ MySQLì„ ì‚¬ìš©í•˜ê¸° ìœ„í•´ì„œëŠ” JDBC ë“œë¼ì´ë²„ì¸ MySQL Connectorê°€ í•„ìš”í•˜ë‹¤.
- ì•„ë˜ ë§í¬ì—ì„œ Platform Independentë¥¼ ì„ íƒí•´ tar.gz íŒŒì¼ì„ ë‹¤ìš´ë¡œë“œ ë°›ëŠ”ë‹¤.
    - [MySQL Connector](https://dev.mysql.com/downloads/connector/j/)
- ì™¸ë¶€ ë¼ì´ë¸ŒëŸ¬ë¦¬ë¡œ ë‹¤ìš´ë¡œë“œ ë°›ì€ MySQL Connnectorë¥¼ ì¶”ê°€í•œë‹¤.
    - IntelliJ > File > Project Structure > Library
  <p align="center">
  <img width="1136" alt="MyConnector ë¼ì´ë¸ŒëŸ¬ë¦¬ ì¶”ê°€" src="https://user-images.githubusercontent.com/117690393/220922169-6eb4afcd-7724-4d5c-a7f6-98153a59a581.png">
  ã€°ï¸ ë¼ì´ë¸ŒëŸ¬ë¦¬ ì¶”ê°€ ã€°ï¸
  </p>
  <br>
  
  <p align="center">
  <img width="275" alt="ë¼ì´ë¸ŒëŸ¬ë¦¬ ì ìš©" src="https://user-images.githubusercontent.com/117690393/220924328-7ff9ebe5-0d06-4885-9876-bded3339149c.png"><br>
  <br>
  ã€°ï¸ í”„ë¡œì íŠ¸ ìœˆë„ìš°ì˜ ì™¸ë¶€ ë¼ì´ë¸ŒëŸ¬ë¦¬ì—ë„ ì˜ ì ìš©ëœ ëª¨ìŠµ ã€°ï¸
  </p>

## MySQL DB ìƒì„±

- JDBCì— MySQLì„ ì—°ë™í•˜ê¸° ì „ í…Œì´ë¸”ì„ ìƒì„±í•œë‹¤.
  <p align="center">
  <img width="900" alt="í…Œì´ë¸” ìƒì„±" src="https://user-images.githubusercontent.com/117690393/220929345-4ef081d3-c49f-4431-8379-7037d727fa31.png"><br>
  ã€°ï¸ pcbang í…Œì´ë¸” ìƒì„± ã€°ï¸
  </p>
  <br>

  <p align="center">
  <img width="591" alt="image" src="https://user-images.githubusercontent.com/117690393/220938318-cde6689f-8e85-46b7-a49e-1676fdd3dac8.png"><br>
  ã€°ï¸ í•„ë“œ ìƒì„± ì¿¼ë¦¬ ã€°ï¸
  </p>

```
mysql> USE pcbang;
Database changed
mysql> INSERT INTO pc_table (pc_start_time, pc_end_time, user_index) VALUE(now(), null, 0);
Query OK, 1 row affected (0.03 sec)
```

<p align="center">
ã€°ï¸ í…ŒìŠ¤íŠ¸ìš© ë°ì´í„° ì‚½ì… ã€°ï¸
</p>

## JDBC ì¿¼ë¦¬ ì‘ì„± ë° í™•ì¸
### JDBCë¥¼ ì´ìš©í•œ í”„ë¡œê·¸ë˜ë° ë°©ë²•
1. import java.sql.*;
2. ë“œë¼ì´ë²„ë¥¼ ë¡œë“œ
3. Connection ê°ì²´ ìƒì„±
4. Statement ê°ì²´ ìƒì„±
5. ResultSet ê°ì²´ë¥¼ ìƒì„±
6. ëª¨ë“  ê°ì²´ë¥¼ ë‹«ëŠ”ë‹¤.

```java
package cs15;

import java.sql.*;

public class Application {
    public static void main(String[] args) throws SQLException {
        String url = "jdbc:mysql://localhost:3306/pcbang";
        String userName = "pcbang_manager";
        String password = "qwer1234";

        Connection connection = DriverManager.getConnection(url, userName, password);
        System.out.println("dbì—°ê²°ì„±ê³µ~~!");
        Statement statement = connection.createStatement();
        ResultSet resultSet = statement.executeQuery("select * from pc_table");

        while (resultSet.next()) {
            String seat_number = resultSet.getString(1);    // columnIndexëŠ” 1ë¶€í„° ì‹œì‘
            System.out.println(seat_number);
        }

        resultSet.close();
        statement.close();
        connection.close();
    }
}
```

![image](https://user-images.githubusercontent.com/117690393/220973098-127a32bd-8d48-4e11-bbd9-9e9f1dd571c1.png)
<p align="center">
ã€°ï¸ JDBC ì—°ë™ ì„±ê³µ ã€°ï¸
</p>

> ì—°ë™ì€ ì„±ê³µí–ˆì§€ë§Œ Time Zone ì„¤ì •ì´ ë˜ì–´ ìˆì§€ ì•Šì•„ UTC -> KSTë¡œ ìˆ˜ì • í•„ìš”

### MySQL Time Zone ë³€ê²½  // ì‘ì„±ì¤‘
ln -snf /usr/share/zoneinfo/Asia/Seoul /etc/localtime

SET GLOBAL time_zone='Asia/Seoul';

SET time_zone='Asia/Seoul';

lect @@global.time_zone, @@session.time_zone,@@system_time_zone;

truncate pc_table



Last login: Fri Feb 24 02:58:40 on ttys000
hanawang@Hanaui-MacBookPro ~ % docker exec -it cs15 bash  
bash-4.4# mysql -u root -p
Enter password:
Welcome to the MySQL monitor.  Commands end with ; or \g.
Your MySQL connection id is 15
Server version: 8.0.32 MySQL Community Server - GPL

Copyright (c) 2000, 2023, Oracle and/or its affiliates.

Oracle is a registered trademark of Oracle Corporation and/or its
affiliates. Other names may be trademarks of their respective
owners.

Type 'help;' or '\h' for help. Type '\c' to clear the current input statement.

mysql> exit
Bye
bash-4.4# ln -snf /usr/share/zoneinfo/Asia/Seoul /etc/localtime
bash-4.4# date
Fri Feb 24 03:18:15 KST 2023
bash-4.4# mysql -u root -p
Enter password:
Welcome to the MySQL monitor.  Commands end with ; or \g.
Your MySQL connection id is 16
Server version: 8.0.32 MySQL Community Server - GPL

Copyright (c) 2000, 2023, Oracle and/or its affiliates.

Oracle is a registered trademark of Oracle Corporation and/or its
affiliates. Other names may be trademarks of their respective
owners.

Type 'help;' or '\h' for help. Type '\c' to clear the current input statement.

mysql> date
-> ;
ERROR 1064 (42000): You have an error in your SQL syntax; check the manual that corresponds to your MySQL server version for the right syntax to use near 'date' at line 1
mysql> SET GLOBAL time_zone='Asia/Seoul';
Query OK, 0 rows affected (0.00 sec)

mysql> SET time_zone='Asia/Seoul';
Query OK, 0 rows affected (0.00 sec)

mysql> lect @@global.time_zone, @@session.time_zone,@@system_time_zone;
ERROR 1064 (42000): You have an error in your SQL syntax; check the manual that corresponds to your MySQL server version for the right syntax to use near 'lect @@global.time_zone, @@session.time_zone,@@system_time_zone' at line 1
mysql> select @@global.time_zone, @@session.time_zone,@@system_time_zone;
+--------------------+---------------------+--------------------+
| @@global.time_zone | @@session.time_zone | @@system_time_zone |
+--------------------+---------------------+--------------------+
| Asia/Seoul         | Asia/Seoul          | UTC                |
+--------------------+---------------------+--------------------+
1 row in set (0.00 sec)

mysql> desc pc_table;
ERROR 1046 (3D000): No database selected
mysql> use pc_bang;
ERROR 1049 (42000): Unknown database 'pc_bang'
mysql> use pcbang;
Reading table information for completion of table and column names
You can turn off this feature to get a quicker startup with -A

Database changed
mysql> desc pc_table;
+---------------+------+------+-----+---------+----------------+
| Field         | Type | Null | Key | Default | Extra          |
+---------------+------+------+-----+---------+----------------+
| seat_index    | int  | NO   | PRI | NULL    | auto_increment |
| pc_start_time | time | NO   |     | NULL    |                |
| pc_end_time   | time | YES  |     | NULL    |                |
| user_index    | int  | NO   |     | NULL    |                |
+---------------+------+------+-----+---------+----------------+
4 rows in set (0.01 sec)

mysql> truncate pc_table
-> ;
Query OK, 0 rows affected (0.07 sec)

mysql> insert into pc_table (pc_start_time, pc_end_time, user_index) value(now(), null, 0);
Query OK, 1 row affected (0.02 sec)

mysql>
---
aws linuxì˜€ë‹¤!,,,

## ğŸ“‘ References
- [Dockerë¥¼ ì‚¬ìš©í•˜ì—¬ Mysql ì»¨í…Œì´ë„ˆ ìƒì„±í•˜ê³  ì ‘ì†í•˜ê¸°](https://tear94fall.tistory.com/6)
- [IntelliJ JDBC ì—°ë™(MySQL)](https://velog.io/@woook/IntelliJ-JDBC)
- 
